============================= test session starts =============================
platform win32 -- Python 3.10.19, pytest-9.0.2, pluggy-1.6.0 -- S:\Conda_Env And Packages Directory\Bias_Drift_Detector\python.exe
cachedir: .pytest_cache
rootdir: G:\Github repo cloned\Bas_drift_detector\Bias-Drift-Detector-main\Bias-Drift-Detector-main
plugins: anyio-4.12.0, cov-7.0.0
collecting ... collected 7 items

tests/test_bias_analyzer.py::test_initialization FAILED                  [ 14%]
tests/test_bias_analyzer.py::test_calculate_bias_metrics_unbiased PASSED [ 28%]
tests/test_bias_analyzer.py::test_calculate_bias_metrics_biased PASSED   [ 42%]
tests/test_drift_detector.py::test_initialization PASSED                 [ 57%]
tests/test_drift_detector.py::test_calculate_psi_no_drift PASSED         [ 71%]
tests/test_drift_detector.py::test_calculate_psi_significant_drift PASSED [ 85%]
tests/test_drift_detector.py::test_detect_feature_drift PASSED           [100%]

================================== FAILURES ===================================
_____________________________ test_initialization _____________________________

bias_analyzer = <core.bias_analyzer.BiasAnalyzer object at 0x0000021A1B058AF0>

    def test_initialization(bias_analyzer):
        """Test BiasAnalyzer initializes correctly."""
>       assert 'Sex' in bias_analyzer.sensitive_attrs
E       AttributeError: 'BiasAnalyzer' object has no attribute 'sensitive_attrs'

tests\test_bias_analyzer.py:29: AttributeError
=========================== short test summary info ===========================
FAILED tests/test_bias_analyzer.py::test_initialization - AttributeError: 'Bi...
========================= 1 failed, 6 passed in 2.52s =========================
